border_size=1
usage=map

Re          , Re          , Ww          , Ww          , Re          , Re          , Re          , Re          , Ww          , Ww          , Re          , Gs^Fdw      , Gs^Fdw      , Hh^Fdw      , Xos         , Xos         , Xos         , Xos         , Xos         , Xos         , Xos         , Xos         , Xos         , Xos         , Xos         , Xos         , Xos         , Xos         , Xos         , Xos         , Xos         , Xos         , Xos         , Xos         , Xos         , Xos         , Xos         , Xos         , Xos         , Xos         , Xos         , Xos         , Xos         , Xos         , Xos         , Xos         , Xos         , Xos         , Ai          , Ai          , Uu          , Uu          , Uu          , Uu          , Uu          , Ai          , Ai          , Ai          
Ww          , Ww          , Re          , Ww          , Ww          , Ww          , Ww          , Ww          , Ww          , Re          , Gs^Fdw      , Gs^Fdw      , Hh^Fdw      , Hh^Fdw      , Xos         , Uu^Vu       , Ur          , Uu^Uf       , Ur          , Uu^Vu       , Uu^Uf       , Ds          , Ql          , Xos         , Ql          , Uu^Vu       , Ur          , Uu^Uf       , Uu^Uf       , Uu^Vu       , Uu^Uf       , Uu^Uf       , Wo          , Wo          , Xos         , Xos         , Xos         , Xos         , Wo          , Xos         , Wo          , Wo          , Wo          , Wo          , Xos         , Xos         , Ai          , Ai          , Uu          , Uu          , Wo          , Uu^Vu       , Ur          , Ur          , Ur          , Uu^Vu       , Uu          , Ai          
Wo          , Ww          , Ww          , Re          , Ww          , Ww          , Ww          , Ww          , Re          , Re          , Gs^Fdw      , Gs^Fdw      , Xos         , Xos         , Uu          , Uu          , Cud         , Cud         , Cud         , Ur          , Ur          , Ds          , Ds          , Xos         , Ql          , Uu^Uf       , Chr         , Chr         , Chr         , Ur          , Uu^Vu       , Uu^Uf       , Ds          , Wo          , Uu^Uf       , Wo          , Wo          , Wo          , Wo          , Wo          , Wo          , Wo          , Xos         , Xos         , Ai          , Ai          , Ur          , Uu^Vu       , Wo          , Ur          , Ur          , Ur          , Cud         , Ur          , Ur          , Ur          , Uu          , Uu          
Wo          , Wo          , Ww          , Re          , Re          , Re          , Ww          , Ww          , Re          , Gs^Fdw      , Gs^Fdw      , Hh^Fdw      , Xos         , Uu^Vu       , Ur          , Ur          , Cud         , 6 Kud       , Cud         , Ur          , Ur          , Uu^Vu       , Xos         , Xos         , Ur          , Ur          , Chr         , 4 Khr       , Chr         , Ur          , Ur          , Uu^Uf       , Ur          , Uu^Uf       , Ur          , Ur          , Ur          , Uu^Vud      , Wo          , Wo          , Xos         , Xos         , Ai          , Ai          , Ur          , Uu          , Ur          , Ur          , Ur          , Ur          , Cud         , Cud         , 2 Kud       , Cud         , Cud         , Ur          , Uu^Vu       , Uu          
Wo          , Wo          , Wo          , Ww          , Re          , Re          , Ww          , Ww          , Re          , Gs^Fdw      , Hh^Fdw      , Xos         , Ss          , Ss          , Ur          , Ur          , Ur          , Cud         , Ur          , Ur          , Uu^Uf       , Ur          , Xos         , Uu^Vu       , Ds          , Ur          , Uu^Dr       , Chr         , Ur          , Ur          , Ur          , Uu^Uf       , Ur          , Ur          , Gg^Fet      , Gg          , Gg          , Ur          , Ur          , Xos         , Xos         , Ai          , Ai          , Uu^Vu       , Ur          , Ur          , Uu^Vu       , Ur          , Ur          , Ur          , Ur          , Cud         , Cud         , Cud         , Ur          , Ur          , Ur          , Uu          
Wo          , Wo          , Wo          , Ww          , Ww          , Re          , Ww          , Ww          , Re          , Gs^Fdw      , Hh^Fdw      , Xos         , Xos         , Ss          , Uu^Vu       , Ur          , Ur          , Ur          , Ur          , Ur          , Uu^Vu       , Ur          , Xos         , Uu^Uf       , Ds          , Uu^Uf       , Ur          , Ur          , Ur          , Ur          , Xos         , Ur          , Ur          , Gg          , Ur          , Ur          , Ur          , Gg          , Gg^Fet      , Ur          , Ur          , Xos         , Xos         , Uu          , Ur          , Ur          , Ur          , Ur          , Ur          , Ur          , Ur          , Ur          , Ur          , Ur          , Ur          , Wo          , Ur          , Ur          
Wo          , Wo          , Wo          , Wo          , Wo          , Ww          , Ww          , Re          , Re          , Gs^Fdw      , Gs^Fdw      , Hh^Fdw      , Xos         , Gg          , Ur          , Ur          , Ur          , Xos         , Ur          , Ur          , Ur          , Ur          , Xos         , Uu^Vu       , Ur          , Ds          , Ur          , Ur          , Uu^Vu       , Xos         , Wo          , Xos         , Xos         , Ur          , Ur          , Uu^Uf       , Ur          , Ur          , Ur          , Gg          , Ur          , Uu^Vud      , Ur          , Xos         , Xos         , Ur          , Ur          , Ur          , Ur          , Ur          , Uu^Vu       , Ur          , Ur          , Wo          , Ur          , Ur          , Uu          , Uu          
Wo          , Wo          , Wo          , Wo          , Wo          , Ww          , Re          , Re          , Re          , Gs^Fdw      , Gs^Fdw      , Hh^Fdw      , Xos         , Ur          , Gg^Fet      , Ur          , Gg          , Xos         , Ur          , Uu^Uf       , Gg          , Gg^Fet      , Xos         , Wo          , Wo          , Uu^Uf       , Ur          , Uu^Ufi      , Ur          , Uu^Uf       , Ur          , Wo          , Xos         , Wo          , Wo          , Uu^Uf       , Uu^Vud      , Ur          , Ur          , Gg          , Ur          , Ur          , Ur          , Ur          , Ur          , Xos         , Xos         , Ur          , Ur          , Ur          , Ur          , Ur          , Ur          , Ur          , Uu          , Uu^Vu       , Ai          , Ai          
Wo          , Wo          , Wo          , Wo          , Ww          , Ww          , Ww          , Re          , Re          , Re          , Gs^Fdw      , Hh^Fdw      , Xos         , Ss          , Gg          , Gg          , Gg^Fet      , Xos         , Ur          , Uu^Ufi      , Gg          , Ur          , Xos         , Wo          , Wo          , Ur          , Ur          , Gg          , Gg          , Ur          , Gg          , Ur          , Ds          , Xos         , Xos         , Gg          , Xos         , Uu^Uf       , Ur          , Gg          , Ur          , Gg          , Ur          , Ur          , Ur          , Ur          , Ur          , Xos         , Xos         , Ur          , Uu          , Ur          , Uu^Vu       , Ur          , Ai          , Ai          , Xos         , Xos         
Wo          , Wo          , Wo          , Ww          , Re          , Ww          , Re          , Re          , Re          , Gs^Fdw      , Hh^Fdw      , Hh^Fdw      , Xos         , Uu^Uf       , Ur          , Gg          , Gg          , Xos         , Gg          , Gg          , Ur          , Ur          , Uu^Ufi      , Xos         , Xos         , Wo          , Wo          , Ur          , Gg          , Gg^Fet      , Ur          , Ur          , Uu^Uf       , Ds          , Xos         , Xos         , Wo          , Xos         , Xos         , Ur          , Ql          , Gg^Fet      , Ur          , Gg          , Ur          , Ur          , Ur          , Ur          , Uu^Vud      , Xos         , Xos         , Ai          , Ai          , Ai          , Xos         , Xos         , Wo          , Xos         
Wo          , Wo          , Wo          , Ww          , Wwf         , Wwf         , Re          , Ww          , Re          , Gs^Fdw      , Hh^Fdw      , Xos         , Ql          , Uu^Ufi      , Gg          , Gg          , Gg          , Xos         , Ur          , Uu^Uf       , Uu^Ufi      , Ur          , Gg          , Ss          , Xos         , Wo          , Wo          , Ur          , Ur          , Ur          , Gs          , Gs          , Xos         , Xos         , Ur          , Wo          , Wo          , Wo          , Wo          , Xos         , Xos         , Ql          , Gg          , Gg^Fet      , Ur          , Ur          , Ur          , Ur          , Ur          , Ur          , Ql          , Xos         , Xos         , Xos         , Wo          , Wo          , Wo          , Xos         
Wo          , Wo          , Wo          , Ww          , Re          , Re          , Re          , Ww          , Re          , Gs^Fdw      , Hh^Fdw      , Xos         , Ql          , Ur          , Ur          , Ur          , Uu^Ufi      , Xos         , Xos         , Ur          , Gg          , Ur          , Gg          , Gg          , Ur          , Xos         , Xos         , Wo          , Xos         , Uu^Vud      , Xos         , Xos         , Ur          , Ur          , Ur          , Uu^Vu       , Ur          , Uu^Vu       , Ur          , Wo          , Wo          , Xos         , Xos         , Ur          , Uu^Uf       , Ur          , Ur          , Ur          , Ur          , Ur          , Ur          , Ql          , Ur          , Wo          , Wo          , Wo          , Wo          , Xos         
Wo          , Wo          , Wo          , Ww          , Ww          , Re          , Re          , Ww          , Re          , Gs^Fdw      , Hh^Fdw      , Xos         , Xos         , Ur          , Ur          , Ur          , Uu^Uf       , Uu^Uf       , Xos         , Gg          , Uu^Ufi      , Ur          , Ur          , Gg^Fet      , Ur          , Uu^Uf       , Uu^Uf       , Xos         , Wo          , Xos         , Xos         , Ur          , Uu^Vu       , Ur          , Ur          , Ur          , Chr         , Chr         , Chr         , Uu^Vu       , Wo          , Wo          , Wo          , Xos         , Xos         , Uu^Vud      , Ur          , Uu^Uf       , Uu^Uf       , Uu^Uf       , Ur          , Gg          , Ur          , Ur          , Ur          , Wo          , Xos         , Xos         
Wo          , Wo          , Wo          , Wo          , Ww          , Re          , Wwf         , Ww          , Re          , Gs^Fdw      , Gs^Fdw      , Hh^Fdw      , Xos         , Ur          , Ur          , Ur          , Ur          , Ur          , Ur          , Xos         , Xos         , Ur          , Uu^Ufi      , Gg          , Gg          , Ur          , Ur          , Uu^Uf       , Wo          , Xos         , Wo          , Xos         , Xos         , Ur          , Ur          , Ur          , Chr         , 5 Chr^Kov   , Chr         , Ur          , Uu^Vu       , Wo          , Wo          , Wo          , Wo          , Xos         , Xos         , Ur          , Ur          , Ur          , Gg          , Gg          , Ur          , Uu^Uf       , Ur          , Wo          , Xos         , Xos         
Wo          , Wo          , Wo          , Wo          , Wo          , Ww          , Re          , Ww          , Re          , Gs^Fdw      , Gs^Fdw      , Hh^Fdw      , Xos         , Uu^Vud      , Ur          , Ur          , Ur          , Gg          , Gg^Fet      , Ur          , Uu^Uf       , Xos         , Uu^Uf       , Ur          , Gg          , Ur          , Ur          , Ur          , Xos         , Xos         , Wo          , Ur          , Ur          , Xos         , Xos         , Ur          , Ur          , Chr         , Ur          , Ur          , Ur          , Ur          , Ur          , Ur          , Uu^Uf       , Wo          , Xos         , Ds          , Uu^Uf       , Ur          , Gg          , Ur          , Gg^Fet      , Ur          , Ur          , Xos         , Xos         , Xos         
Wo          , Wo          , Wo          , Wo          , Ww          , Ww          , Wwf         , Ww          , Ww          , Re          , Gs^Fdw      , Hh^Fdw      , Hh^Fdw      , Xos         , Xos         , Uu^Uf       , Uu^Ufi      , Gg          , Gg          , Ur          , Xos         , Xos         , Uu^Vud      , Ur          , Ur          , Gg          , Ur          , Uu^Vud      , Xos         , Wo          , Wo          , Ur          , Ur          , Ur          , Ur          , Xos         , Xos         , Ur          , Ur          , Ur          , Ur          , Ur          , Uu^Uf       , Uu^Uf       , Xos         , Xos         , Gs          , Xos         , Xos         , Uu^Vud      , Ur          , Gg          , Ur          , Gg          , Ur          , Uu^Vud      , Xos         , Xos         
Wo          , Wo          , Wo          , Wo          , Ww          , Re          , Re          , Re          , Ww          , Re          , Re          , Gs^Fdw      , Gs^Fdw      , Hh^Fdw      , Hh^Fdw      , Xos         , Uu^Uf       , Ur          , Gg          , Gg          , Xos         , Ss          , Uu^Dr       , Ur          , Uu^Ufi      , Gg          , Gg          , Gg          , Xos         , Wo          , Xos         , Wo          , Ur          , Ur          , Ur          , Ur          , Ur          , Xos         , Xos         , Uu^Vu       , Ur          , Ur          , Xos         , Xos         , Ur          , Ur          , Gs          , Ql          , Ql          , Xos         , Ur          , Ur          , Gs          , Uu^Ufi      , Ur          , Ur          , Uu^Uf       , Xos         
Wo          , Wo          , Wo          , Wo          , Wo          , Ww          , Ww          , Re          , Ww          , Ww          , Ww          , Re          , Gs^Fdw      , Gs^Fdw      , Hh^Fdw      , Xos         , Ur          , Ur          , Ur          , Xos         , Uu^Uf       , Ss          , Gg^Fet      , Ur          , Ur          , Ur          , Gg^Fet      , Gg          , Ur          , Xos         , Ur          , Xos         , Ur          , Ur          , Ur          , Ur          , Ur          , Ur          , Wo          , Xos         , Xos         , Xos         , Ur          , Ur          , Gs          , Gs          , Ur          , Gg          , Ql          , Xos         , Ur          , Ur          , Gs          , Ur          , Uu^Dr       , Uu^Uf       , Wo          , Xos         
Wo          , Wo          , Wo          , Wo          , Wo          , Wo          , Ww          , Ww          , Ww          , Re          , Ww          , Re          , Gs^Fdw      , Gs^Fdw      , Hh^Fdw      , Xos         , Gg          , Gg          , Ur          , Xos         , Xos         , Ds          , Ds          , Gg          , Gg          , Gg          , Ur          , Ur          , Ur          , Ur          , Ur          , Ur          , Ur          , Ur          , Uu^Uf       , Ur          , Ur          , Ur          , Ur          , Wo          , Xos         , Ur          , Ur          , Gg^Fet      , Ur          , Uu^Uf       , Ur          , Gg          , Gg          , Xos         , Ur          , Ur          , Ur          , Ur          , Uu^Ufi      , Wo          , Wo          , Xos         
Wo          , Wo          , Wo          , Wo          , Wo          , Wo          , Ww          , Re          , Re          , Ww          , Ww          , Re          , Gs^Fdw      , Hh^Fdw      , Xos         , Xos         , Ur          , Gg          , Uu^Ufi      , Uu^Uf       , Ur          , Xos         , Uu^Ufi      , Gg          , Uu^Ufi      , Ur          , Ur          , Ur          , Uu^Vud      , Ur          , Uu^Uf       , Ur          , Ur          , Uu^Uf       , Ur          , Uu^Uf       , Ur          , Ur          , Ur          , Ur          , Ur          , Xos         , Ds          , Ur          , Ur          , Ur          , Uu^Uf       , Ur          , Ur          , Xos         , Ur          , Gs          , Ur          , Gs          , Ds          , Ds          , Xos         , Xos         
Wo          , Wo          , Wo          , Wo          , Wo          , Wo          , Ww          , Re          , Re          , Ww          , Re          , Re          , Gs^Fdw      , Hh^Fdw      , Xos         , Uu^Vud      , Ur          , Gg^Fet      , Ur          , Ur          , Uu^Uf       , Xos         , Wo          , Ur          , Ur          , Ur          , Ur          , Uu^Uf       , Xos         , Uu^Uf       , Xos         , Ur          , Xos         , Ur          , Wo          , Ur          , Ur          , Uu^Uf       , Uu^Uf       , Ur          , Ur          , Xos         , Xos         , Gs          , Gg^Fet      , Ur          , Ur          , Uu^Uf       , Xos         , Xos         , Uu^Uf       , Ur          , Ur          , Ur          , Uu^Vud      , Ur          , Xos         , Xos         
Wo          , Wo          , Wo          , Wo          , Wo          , Wo          , Wo          , Ww          , Ww          , Ww          , Re          , Gs^Fdw      , Hh^Fdw      , Xos         , Uu^Uf       , Ur          , Gg          , Gg          , Gg          , Ur          , Uu^Uf       , Xos         , Wo          , Wo          , Wo          , Wo          , Xos         , Xos         , Wo          , Xos         , Wo          , Xos         , Wo          , Xos         , Xos         , Wo          , Xos         , Ur          , Ur          , Uu^Uf       , Ur          , Ur          , Xos         , Ur          , Ur          , Ur          , Ur          , Ql          , Xos         , Ur          , Ur          , Ur          , Gg^Fet      , Gg          , Ur          , Uu^Uf       , Xos         , Xos         
Wo          , Wo          , Wo          , Wo          , Wo          , Wo          , Wo          , Wo          , Ww          , Ww          , Re          , Gs^Fdw      , Hh^Fdw      , Xos         , Ds          , Gg          , Ur          , Ur          , Uu^Ufi      , Ur          , Ds          , Xos         , Xos         , Wo          , Xos         , Xos         , Wo          , Wo          , Wo          , Wo          , Wo          , Wo          , Wo          , Wo          , Wo          , Xos         , Uu^Vud      , Xos         , Uu^Uf       , Ur          , Ur          , Ur          , Xos         , Ur          , Ur          , Uu^Uf       , Uu^Uf       , Ql          , Xos         , Ds          , Ur          , Gg          , Ur          , Ur          , Uu^Uf       , Ur          , Xos         , Xos         
Wo          , Wo          , Wo          , Wo          , Wo          , Wo          , Ww          , Ww          , Re          , Ww          , Re          , Hh^Vhh      , Hh^Fdw      , Xos         , Ds          , Ur          , Ur          , Ur          , Ur          , Ur          , Ur          , Ur          , Xos         , Xos         , Wo          , Wo          , Ur          , Uu^Uf       , Ur          , Wo          , Uu^Uf       , Wo          , Gg          , Ur          , Ur          , Ur          , Ur          , Uu^Ufi      , Ur          , Ur          , Ur          , Uu^Vud      , Xos         , Uu^Vud      , Gg          , Ur          , Uu^Uf       , Ql          , Xos         , Ds          , Ds          , Gg          , Ur          , Uu^Uf       , Ur          , Ur          , Ql          , Xos         
Wo          , Wo          , Wo          , Wo          , Wo          , Ww          , Re          , Re          , Ce          , Re          , Re          , Gs^Fdw      , Hh^Fdw      , Xos         , Uu          , Ur          , Ur          , Ur          , Uu^Uf       , Ur          , Ur          , Ur          , Xos         , Wo          , Ur          , Ur          , Gs          , Ur          , Ur          , Ur          , Ur          , Ur          , Gg          , Gg          , Gg          , Gg^Fet      , Gg          , Gg          , Ur          , Ur          , Uu^Uf       , Xos         , Ur          , Ur          , Gg          , Ur          , Ur          , Uu^Uf       , Xos         , Gs          , Uu^Ufi      , Ur          , Ur          , Ur          , Ur          , Ur          , Ql          , Xos         
Wo          , Wo          , Wo          , Wo          , Ww          , Ww          , Re          , Ce          , 8 Ce^Kov    , Ce          , Re          , Gs^Fdw      , Gs^Fdw      , Xos         , Xos         , Uu          , Ur          , Ur          , Ur          , Uu^Vud      , Ds          , Xos         , Wo          , Uu^Uf       , Ur          , Gs          , Gg          , Gs          , Ur          , Uu^Ufi      , Gs          , Gg          , Uu^Vud      , Uu^Ufi      , Wo          , Ur          , Uu^Ufi      , Gg          , Wo          , Ur          , Xos         , Xos         , Ur          , Ur          , Ur          , Gg          , Ur          , Ur          , Xos         , Ur          , Ur          , Ur          , Gs          , Uu^Ufi      , Uu^Ufi      , Ur          , Xos         , Xos         
Wo          , Wo          , Wo          , Wo          , Ww          , Ww          , Re          , Ce          , Ce          , Ce          , Re          , Hh^Vhh      , Gs^Fdw      , Hh^Fdw      , Xos         , Uu          , Ur          , Gg          , Ur          , Uu^Uf       , Xos         , Xos         , Wo          , Ur          , Gg          , Gg          , Xos         , Xos         , Wo          , Ur          , Wo          , Ur          , Xos         , Wo          , Xos         , Wo          , Xos         , Wo          , Wo          , Wo          , Xos         , Ur          , Ur          , Uu^Uf       , Ur          , Ur          , Ur          , Uu^Uf       , Xos         , Ur          , Gg^Fet      , Ur          , Gg          , Ur          , Gg          , Ur          , Ur          , Xos         
Wo          , Wo          , Ww          , Ww          , Ww          , Ww          , Ww          , Re          , Re          , Re          , Re          , Re          , Gs^Fdw      , Hh^Fdw      , Xos         , Uu^Uf       , Uu^Ufi      , Gg          , Ur          , Uu          , Xos         , Wo          , Ur          , Ur          , Uu^Ufi      , Uu^Ufi      , Wo          , Xos         , Xos         , Wo          , Xos         , Xos         , Wo          , Xos         , Wo          , Xos         , Uu^Uf       , Xos         , Xos         , Wo          , Xos         , Ur          , Ur          , Ur          , Uu^Uf       , Uu^Uf       , Ur          , Ur          , Xos         , Ur          , Ur          , Gg          , Ur          , Gg          , Gg^Fet      , Ur          , Uu^Uf       , Xos         
Wo          , Wo          , Ww          , Ww          , Re          , Ww          , Ww          , Re          , Re          , Re          , Re          , Hh^Vhh      , Hh^Fdw      , Hh^Fdw      , Xos         , Uu^Uf       , Ur          , Gg          , Gg          , Xos         , Uu^Uf       , Uu^Vud      , Ur          , Ur          , Ur          , Ur          , Ur          , Wo          , Uu^Uf       , Xos         , Ur          , Wo          , Ur          , Wo          , Ur          , Ur          , Ds          , Ur          , Uu^Vu       , Xos         , Ql          , Uu^Uf       , Ur          , Ur          , Ur          , Ur          , Xos         , Xos         , Uu^Uf       , Ur          , Ur          , Uu^Ufi      , Ur          , Gg          , Gg          , Ur          , Uu^Uf       , Xos         
Wo          , Ww          , Ww          , Ww          , Re          , Ww          , Re          , Re          , Re          , Re          , Re          , Gs^Fdw      , Hh^Fdw      , Xos         , Uu          , Uu^Uf       , Ur          , Ur          , Uu^Ufi      , Xos         , Wo          , Ur          , Ds          , Uu^Uf       , Ur          , Uu^Uf       , Ur          , Ur          , Ur          , Ur          , Gg          , Ur          , Ur          , Ur          , Ur          , Ur          , Uu^Uf       , Ur          , Ur          , Xos         , Ql          , Ur          , Gs          , Ur          , Ur          , Uu^Vud      , Xos         , Uu^Uf       , Ur          , Ur          , Ur          , Uu^Uf       , Uu^Vu       , Gg          , Ur          , Uu^Ufi      , Uu^Uf       , Xos         
Wo          , Ww          , Ww          , Ww          , Ww          , Ww          , Re          , Re          , Re          , Re          , Hh^Vhh      , Gs^Fdw      , Xos         , Xos         , Uu^Vud      , Ur          , Ur          , Ur          , Ur          , Xos         , Wo          , Wo          , Wo          , Wo          , Wo          , Ur          , Ur          , Ur          , Gg^Fet      , Gg          , Xos         , Wo          , Xos         , Uu^Vu       , Ur          , Uu^Uf       , Cud         , Uu^Uf       , Ur          , Xos         , Uu^Uf       , Ur          , Ur          , Gs          , Uu^Uf       , Xos         , Ur          , Uu^Vu       , Ur          , Ur          , Chr         , Uu^Uf       , Ur          , Gg          , Ur          , Uu^Uf       , Uu^Uf       , Xos         
Wo          , Ww          , Ww          , Ww          , Ww          , Re          , Re          , Re          , Re          , Re          , Gs^Fdw      , Hh^Fdw      , Xos         , Uu          , Ur          , Ur          , Uu^Uf       , Ur          , Ur          , Xos         , Xos         , Wo          , Xos         , Xos         , Xos         , Xos         , Xos         , Uu^Uf       , Xos         , Xos         , Uu^Uf       , Xos         , Uu^Uf       , Xos         , Ur          , Cud         , 7 Kud       , Cud         , Uu^Vu       , Xos         , Uu^Uf       , Ur          , Gg          , Ur          , Ur          , Ur          , Ur          , Ur          , Ur          , Chr         , 3 Khr       , Chr         , Ur          , Gg          , Ur          , Uu^Vu       , Uu          , Xos         
Ww          , Ww          , Ww          , Ww          , Ww          , Ww          , Re          , Re          , Re          , Re          , Gs^Fdw      , Hh^Fdw      , Xos         , Uu          , Ur          , Ur          , Uu^Uf       , Ur          , Ur          , Uu          , Uu          , Xos         , Uu^Uf       , Uu^Uf       , Ur          , Ur          , Ur          , Xos         , Ur          , Ur          , Ur          , Ur          , Ur          , Ur          , Ur          , Cud         , Cud         , Cud         , Ur          , Xos         , Ss          , Ur          , Gg          , Gg^Fet      , Gg          , Gg          , Ur          , Ur          , Ur          , Chr         , Chr         , Chr         , Ur          , Gg          , Uu          , Uu          , Xos         , Xos         
Ww          , Ww          , Ww          , Ww          , Ww          , Ww          , Re          , Re          , Re          , Re          , Hh^Vhh      , Hh^Fdw      , Xos         , Uu          , Ur          , Ur          , Ur          , Uu^Uf       , Ur          , Ur          , Ur          , Ur          , Ur          , Ur          , Ur          , Ur          , Uu^Vud      , Ur          , Gg          , Ur          , Gg          , Gg^Fet      , Ur          , Ur          , Ur          , Ur          , Ur          , Ur          , Ur          , Xos         , Xos         , Ss          , Ss          , Gg          , Ur          , Ur          , Uu^Vu       , Ur          , Ur          , Ur          , Ur          , Ur          , Ss          , Uu^Vu       , Xos         , Xos         , Hh^Fdw      , Xos         
Ww          , Ww          , Ww          , Ww          , Ww          , Ww          , Re          , Re          , Hh^Fdw      , Gs^Fdw      , Gs^Fdw      , Gs^Fdw      , Hh^Fdw      , Xos         , Ur          , Ur          , Ur          , Uu^Uf       , Ur          , Ur          , Ur          , Ur          , Ur          , Ur          , Uu^Uf       , Ur          , Ur          , Ur          , Ur          , Gg          , Ur          , Gg          , Gg          , Uu^Vu       , Ur          , Ur          , Ur          , Ur          , Uu^Vu       , Ql          , Xos         , Uu^Uf       , Uu^Uf       , Ur          , Ur          , Ur          , Xos         , Ur          , Ur          , Ur          , Ss          , Ss          , Ss          , Xos         , Hh^Fdw      , Hh^Fdw      , Gs^Fdw      , Hh^Fdw      
Ww          , Ww          , Ww          , Ww          , Ww          , Re          , Re          , Re          , Hh^Vhh      , Gs^Fdw      , Gs^Fdw      , Gs^Fdw      , Hh^Fdw      , Xos         , Ur          , Ur          , Ur          , Ur          , Ur          , Ur          , Ur          , Ur          , Uu          , Uu^Uf       , Xos         , Uu          , Uu^Uf       , Ur          , Ur          , Ur          , Ur          , Gg          , Xos         , Xos         , Xos         , Uu^Vu       , Xos         , Ur          , Uu          , Ql          , Ql          , Xos         , Uu^Uf       , Uu^Uf       , Xos         , Xos         , Hh^Fdw      , Xos         , Xos         , Ss          , Ss^Vm       , Ss          , Xos         , Xos         , Hh^Fdw      , Gs^Fdw      , Re          , Gs^Fdw      
Ww          , Ww          , Ww          , Ww          , Ww          , Re          , Hh^Fdw      , Gs^Fdw      , Re          , Gs^Fdw      , Rd          , Hh^Vhh      , Xos         , Xos         , Ur^Xo       , Ur          , Ur          , Ur          , Uu^Vud      , Ur          , Uu          , Uu          , Xos         , Xos         , Hh^Fdw      , Xos         , Xos         , Uu^Uf       , Xos         , Uu^Uf       , Xos         , Xos         , Hh^Fdw      , Hh^Fdw      , Hh^Fdw      , Xos         , Hh^Fdw      , Xos         , Xos         , Xos         , Xos         , Xos         , Xos         , Xos         , Hh^Fdw      , Hh^Fdw      , Gs^Fdw      , Hh^Fdw      , Hh^Fdw      , Xos         , Xos         , Xos         , Hh^Fdw      , Hh^Fdw      , Gs^Fdw      , Gs^Fdw      , Re          , Re          
Ww          , Ww          , Ww          , Ww          , Re^Vct      , Re          , Re          , Re          , Rd          , Rd          , Rd          , Rd          , Rd          , Cud         , Xos         , Xos         , Xos         , Xos         , Xos         , Uu          , Xos         , Xos         , Hh^Fdw      , Hh^Fdw      , Gs^Fdw      , Hh^Fdw      , Hh^Fdw      , Xos         , Hh^Fdw      , Xos         , Hh^Fdw      , Hh^Fdw      , Gs^Fdw      , Hh^Fdw      , Gs^Fdw      , Gs^Fdw      , Gs^Fdw      , Gs^Fdw      , Gs^Fdw      , Hh^Fdw      , Gs^Fdw      , Hh^Fdw      , Gs^Fdw      , Hh^Fdw      , Gs^Fdw      , Gs^Fdw      , Re          , Gs^Fdw      , Gs^Fdw      , Gs^Fdw      , Gs^Fdw      , Hh^Fdw      , Gs^Fdw      , Gs^Fdw      , Re          , Re          , Ww          , Ww          
Ww          , Ww          , Ww          , Ww          , Rd          , Re          , Rd          , Rd          , Rd          , Rd          , Rd          , Rd          , Rd          , Rd          , Rd          , Hh^Vhh      , Hh^Fdw      , Hh^Fdw      , Hh^Fdw      , Xos         , Gs^Fdw      , Hh^Fdw      , Gs^Fdw      , Hh^Vhh      , Re          , Gs^Fdw      , Gs^Fdw      , Hh^Vhh      , Gs^Fdw      , Gs^Fdw      , Hh^Vhh      , Gs^Fdw      , Re          , Re          , Re          , Hh^Vhh      , Re          , Gs^Fdw      , Re          , Gs^Fdw      , Re          , Gs^Fdw      , Re          , Gs^Fdw      , Re          , Re          , Ww          , Re          , Re          , Gs^Fdw      , Re          , Gs^Fdw      , Re          , Re          , Ww          , Ww          , Ww          , Ww          
Ww          , Ww          , Ww          , Ww          , Rd          , Rd          , Rd          , Rd          , Rd          , Rd          , Rd          , Rd          , Rd          , Rd          , Gs^Fdw      , Gs^Fdw      , Gs^Fdw      , Gs^Fdw      , Hh^Vhh      , Gs^Fdw      , Hh^Fdw      , Gs^Fdw      , Re          , Re          , Re          , Re          , Re          , Re          , Re          , Re          , Re          , Re          , Ce          , Ce          , Ce          , Re          , Re          , Re          , Re          , Re          , Ww          , Re          , Ww          , Re          , Ww          , Ww          , Ww          , Ww          , Wwf         , Re          , Ww          , Re          , Ww          , Ww          , Ww          , Re          , Ww          , Re          
Ww          , Ww          , Ww          , Ww          , Rd          , Rd          , 1 Rd        , Rd          , Rd          , Rd          , Rd          , Rd          , Re          , Gs^Fdw      , Gs^Fdw      , Hh^Fdw      , Re          , Re          , Re          , Re          , Re          , Re          , Re          , Re          , Re          , Re          , Re          , Re          , Re          , Re          , Re          , Re          , Ce          , 9 Ce^Kov    , Ce          , Re          , Ww          , Re          , Ww          , Re          , Ww          , Ww          , Re          , Ww          , Ww          , Re          , Ww          , Re          , Re          , Ww          , Ww          , Ww          , Re          , Ww          , Wo          , Ww          , Ww          , Re          
Ww          , Ww          , Ww          , Ww          , Re^Vct      , Rd          , Rd          , Rd          , Rd          , Rd          , Re          , Re          , Gs^Fdw      , Hh^Vhh      , Re          , Re          , Re          , Re          , Re          , Re          , Re          , Re          , Re          , Re          , Re          , Re          , Re          , Re          , Re          , Re          , Re          , Re          , Re          , Ce          , Re          , Re          , Ww          , Ww          , Wo          , Ww          , Re          , Ww          , Wwf         , Re          , Ww          , Wwf         , Re          , Wwf         , Ww          , Ww          , Ww          , Re          , Re          , Ww          , Ww          , Wo          , Wo          , Ww          
Ww          , Ww          , Ww^Bw/      , Ww^Bw/      , Ww          , Rd          , Rd          , Rd          , Rd          , Re          , Re          , Re          , Re          , Re          , Re          , Re          , Re          , Re          , Re          , Re          , Re          , Re          , Re          , Ww          , Ww          , Ww          , Ww          , Re          , Ww          , Re          , Ww          , Ww          , Ww          , Re          , Ww          , Ww          , Wo          , Wo          , Wo          , Ww          , Re          , Re          , Ww          , Ww          , Re          , Re          , Re          , Re          , Re          , Ww          , Wo          , Ww          , Re          , Re          , Ww          , Wo          , Wo          , Wo          
Ww^Bw/      , Ww^Bw/      , Ww          , Ww          , Ww          , Ww          , Ww          , Ww          , Ww          , Re^Vct      , Ww          , Ww          , Ww          , Ww          , Ww          , Ww          , Ww          , Re          , Ww          , Ww          , Ww          , Ww          , Ww          , Ww          , Ww          , Ww          , Wo          , Ww          , Wo          , Ww          , Wo          , Wo          , Wo          , Ww          , Wo          , Wo          , Wo          , Wo          , Wo          , Ww          , Ww          , Re          , Ww          , Ww          , Ww          , Ww          , Ww          , Ww          , Ww          , Ww          , Wo          , Ww          , Ww          , Re          , Ww          , Wo          , Wo          , Wo          
Ww          , Ww          , Ww          , Ww          , Ww          , Ww          , Ww          , Ww          , Ww          , Ww          , Ww          , Ww          , Ww          , Ww          , Ww          , Ww          , Ww          , Ww          , Ww          , Ww          , Ww          , Ww          , Wo          , Ww          , Wo          , Wo          , Wo          , Wo          , Wo          , Wo          , Wo          , Wo          , Wo          , Wo          , Wo          , Wo          , Wo          , Wo          , Wo          , Wo          , Wo          , Ww          , Wo          , Wo          , Wo          , Wo          , Wo          , Wo          , Wo          , Wo          , Wo          , Wo          , Wo          , Ww          , Wo          , Wo          , Wo          , Wo          
Ww          , Ww          , Ww          , Ww          , Ww          , Ww          , Ww          , Ww          , Ww          , Ww          , Ww          , Ww          , Ww          , Ww          , Ww          , Ww          , Ww          , Ww          , Ww          , Ww          , Wo          , Wo          , Wo          , Wo          , Wo          , Wo          , Wo          , Wo          , Wo          , Wo          , Wo          , Wo          , Wo          , Wo          , Wo          , Wo          , Wo          , Wo          , Wo          , Wo          , Wo          , Wo          , Wo          , Wo          , Wo          , Wo          , Wo          , Wo          , Wo          , Wo          , Wo          , Wo          , Wo          , Wo          , Wo          , Wo          , Wo          , Wo          
