border_size=1
usage=map

Rp          , Gs          , Gs          , Hh^Fp       , Gs^Fmf      , Hh^Fp       , Hh^Fp       , Mm^Xm       , Mm^Xm       , Mm^Xm       , Mm^Xm       , Mm^Xm       , Mm^Xm       , Mm^Xm       , Mm^Xm       , Mm^Xm       , Mm^Xm       , Mm^Xm       , Mm^Xm       , Mm^Xm       , Mm^Xm       , Mm^Xm       , Mm^Xm       , Mm^Xm       , Mm^Xm       , Mm^Xm       , Mm^Xm       , Mm^Xm       , Mm^Xm       , Mm^Xm       , Mm^Xm       , Mm^Xm       , Mm^Xm       , Mm^Xm       , Mm^Xm       , Mm^Xm       , Mm^Xm       , Mm^Xm       , Mm^Xm       , Mm^Xm       , Mm^Xm       , Mm^Xm       , Mm^Xm       , Mm^Xm       , Mm^Xm       , Gg          
Rp          , Rp          , Rp          , Gs          , Gs          , Gs^Fp       , Gs^Fp       , Hh^Fp       , Hh^Fp       , Mm^Xm       , Mm^Xm       , Mm^Xm       , Mm^Xm       , Mm^Xm       , Mm^Xm       , Mm^Xm       , Mm^Xm       , Mm^Xm       , Mm^Xm       , Mm^Xm       , Mm^Xm       , Mm^Xm       , Mm^Xm       , Mm^Xm       , Mm^Xm       , Mm^Xm       , Mm^Xm       , Mm^Xm       , Mm^Xm       , Mm^Xm       , Mm^Xm       , Mm^Xm       , Mm^Xm       , Mm^Xm       , Mm^Xm       , Mm^Xm       , Mm^Xm       , Mm^Xm       , Mm^Xm       , Mm^Xm       , Mm^Xm       , Mm^Xm       , Mm^Xm       , Mm^Xm       , Mm^Xm       , Mm^Xm       
Rp          , Rp          , Rp          , Rp          , Rp          , Gs          , Gs          , Gs^Fp       , Gs^Fp       , Hh^Fp       , Hh^Fp       , Mm^Xm       , Mm^Xm       , Mm^Xm       , Mm^Xm       , Mm^Xm       , Mm^Xm       , Mm^Xm       , Mm^Xm       , Mm^Xm       , Mm^Xm       , Mm^Xm       , Mm^Xm       , Mm^Xm       , Mm^Xm       , Mm^Xm       , Mm^Xm       , Mm^Xm       , Mm^Xm       , Mm^Xm       , Mm^Xm       , Mm^Xm       , Mm^Xm       , Mm^Xm       , Mm^Xm       , Mm^Xm       , Mm^Xm       , Mm^Xm       , Mm^Xm       , Mm^Xm       , Mm^Xm       , Mm^Xm       , Mm^Xm       , Mm^Xm       , Mm^Xm       , Mm^Xm       
Gs          , Rp          , Rp          , Rp          , Rp          , Rp          , Ce          , Gs          , Gs          , Gs^Fmw      , Gs^Fmw      , Hh^Fp       , Hh^Fp       , Mm^Xm       , Mm^Xm       , Mm^Xm       , Mm^Xm       , Mm^Xm       , Mm^Xm       , Mm^Xm       , Mm^Xm       , Mm^Xm       , Mm^Xm       , Mm^Xm       , Mm^Xm       , Mm^Xm       , Mm^Xm       , Mm^Xm       , Mm^Xm       , Mm^Xm       , Mm^Xm       , Mm^Xm       , Mm^Xm       , Mm^Xm       , Mm^Xm       , Mm^Xm       , Mm^Xm       , Mm^Xm       , Mm^Xm       , Mm^Xm       , Mm^Xm       , Mm^Xm       , Mm^Xm       , Mm^Xm       , Mm^Xm       , Mm^Xm       
Hh^Fp       , Gs          , Gs          , Rp          , Rp          , Ce          , 1 Ke        , Ce          , Rp          , Gs          , Gs          , Gs^Fp       , Ss^Vhs      , Mm^Xm       , Mm^Xm       , Mm^Xm       , Mm^Xm       , Mm^Xm       , Mm^Xm       , Mm^Xm       , Mm^Xm       , Mm^Xm       , Mm^Xm       , Mm^Xm       , Mm^Xm       , Mm^Xm       , Mm^Xm       , Mm^Xm       , Mm^Xm       , Mm^Xm       , Mm^Xm       , Mm^Xm       , Mm^Xm       , Mm^Xm       , Mm^Xm       , Mm^Xm       , Mm^Xm       , Mm^Xm       , Mm^Xm       , Mm^Xm       , Mm^Xm       , Mm^Xm       , Mm^Xm       , Mm^Xm       , Mm^Xm       , Mm^Xm       
Hh^Fp       , Gs^Fp       , Ss^Vhs      , Gs          , Gs          , Ce          , Ce          , Ce          , Rp          , Rp          , Rp          , Gs          , Gs^Fp       , Gs^Fp       , Gs^Fmw      , Mm^Xm       , Mm^Xm       , Mm^Xm       , Mm^Xm       , Mm^Xm       , Mm^Xm       , Mm^Xm       , Mm^Xm       , Mm^Xm       , Mm^Xm       , Mm^Xm       , Mm^Xm       , Mm^Xm       , Mm^Xm       , Mm^Xm       , Mm^Xm       , Mm^Xm       , Mm^Xm       , Mm^Xm       , Gs          , Mm^Xm       , Mm^Xm       , Mm^Xm       , Mm^Xm       , Mm^Xm       , Mm^Xm       , Mm^Xm       , Mm^Xm       , Mm^Xm       , Mm^Xm       , Mm^Xm       
Mm^Xm       , Gs^Fp       , Gs^Fp       , Gs^Fp       , Gs^Fp       , Gs          , Gs          , Rp          , Rp          , Rp          , Rp          , Gs          , Gs          , Gs^Fp       , Gs^Fp       , Mm^Xm       , Mm^Xm       , Mm^Xm       , Mm^Xm       , Mm^Xm       , Mm^Xm       , Mm^Xm       , Mm^Xm       , Mm^Xm       , Mm^Xm       , Mm^Xm       , Mm^Xm       , Mm^Xm       , Gs          , Gs          , Gs          , Gs          , Gs          , Gs          , Gs          , Gs          , Gs          , Mm^Xm       , Mm^Xm       , Mm^Xm       , Mm^Xm       , Mm^Xm       , Mm^Xm       , Mm^Xm       , Mm^Xm       , Mm^Xm       
Mm^Xm       , Mm^Xm       , Mm^Xm       , Gs^Fp       , Gs^Fmw      , Gs^Fp       , Gs          , Gs^Vht      , Rp          , Rp          , Rp          , Rp          , Gs          , Gs          , Gs          , Gs^Fp       , Ss^Vhs      , Mm^Xm       , Mm^Xm       , Mm^Xm       , Mm^Xm       , Mm^Xm       , Mm^Xm       , Mm^Xm       , Gs          , Mm^Xm       , Gs          , Gs          , Gs          , Gs          , Ww          , Gs          , Ww          , Ww          , Ww          , Gs          , Ww          , Gs          , Gs          , Mm^Xm       , Gs          , Mm^Xm       , Mm^Xm       , Mm^Xm       , Mm^Xm       , Mm^Xm       
Mm^Xm       , Mm^Xm       , Mm^Xm       , Mm^Xm       , Hh^Fp       , Gs^Fp       , Gs^Fp       , Gs          , Gs          , Rp          , Rp          , Rp          , Rp          , Gs          , Gs          , Gs^Fp       , Gs^Fp       , Mm^Xm       , Mm^Xm       , Mm^Xm       , Mm^Xm       , Mm^Xm       , Mm^Xm       , Mm^Xm       , Gs          , Gs          , Gs          , Gs          , Ww          , Ww          , Chr         , Ww          , Chr         , Chr         , Chr         , Ww          , Chr         , Ww          , Ww          , Gs          , Gs          , Gs          , Mm^Xm       , Mm^Xm       , Mm^Xm       , Mm^Xm       
Mm^Xm       , Mm^Xm       , Mm^Xm       , Mm^Xm       , Mm^Xm       , Hh^Fp       , Hh^Fp       , Gs^Fp       , Gs          , Rp          , Rp          , Rp          , Rp          , Gs^Vht      , Gs          , Gs          , Gs          , Gs^Fmw      , Gs^Fp       , Mm^Xm       , Mm^Xm       , Mm^Xm       , Gs          , Gs          , Gs          , Gs          , Ww          , Ww          , Chr         , Chr         , Gg^Efm         , Chr         , Gg          , Gg^Efm         , Gg          , Chr         , Gg^Efm         , Chr         , Chr         , Ww          , Ww          , Gs          , Gs          , Mm^Xm       , Mm^Xm       , Mm^Xm       
Mm^Xm       , Mm^Xm       , Mm^Xm       , Mm^Xm       , Mm^Xm       , Mm^Xm       , Mm^Xm       , Gs^Fp       , Gs          , Gs^Vht      , Rp          , Rp          , Rp          , Rp          , Rp          , Gs          , Gs          , Gs          , Gs          , Gs^Fmw      , Gs          , Gs          , Gs          , Gs          , Ww          , Ww          , Chr         , Chr         , Gg          , Gg          , Gg          , Gg          , Gg          , Gg          , Gg          , Gg          , Ce          , Gg^Efm         , Gg^Efm         , Chr         , Chr         , Ww          , Gs          , Gs          , Mm^Xm       , Mm^Xm       
Mm^Xm       , Mm^Xm       , Mm^Xm       , Mm^Xm       , Mm^Xm       , Mm^Xm       , Mm^Xm       , Gs^Fp       , Gs          , Gs          , Gs          , Rp          , Rp          , Rp          , Rp          , Gs^Vht      , Gs          , Gs          , Gs          , Gs          , Gs          , Gs          , Ww          , Ww          , Chr         , Chr         , Gg          , Gg^Efm         , Ce          , Ce          , Ce          , Gg          , Gg          , Gg          , Gg^Efm         , Ce          , Gg          , Ce          , Ce          , Gg^Efm         , Chr         , Ww          , Ww          , Gs          , Mm^Xm       , Mm^Xm       
Mm^Xm       , Mm^Xm       , Mm^Xm       , Mm^Xm       , Mm^Xm       , Mm^Xm       , Mm^Xm       , Gs^Fp       , Gs^Fp       , Gs          , Gs          , Gs^Vht      , Rp          , Rp          , Rp          , Rp          , Rp          , Gs          , Gs          , Gs          , Gs          , Ww          , Chr         , Chr         , Gg^Efm         , Gg          , Gg          , Ce          , Gg          , Gg          , Gg          , Gg          , Gg^Fet      , Gg          , Gg          , Gg          , Gg^Vh       , Gg          , Ce          , Gg^Efm         , Gg^Efm         , Chr         , Ww          , Gs          , Mm^Xm       , Mm^Xm       
Mm^Xm       , Mm^Xm       , Mm^Xm       , Mm^Xm       , Mm^Xm       , Mm^Xm       , Mm^Xm       , Gs^Fmw      , Gs^Fmw      , Gs^Fp       , Gs          , Gs          , Gs          , Rp          , Rp          , Rp          , Rp          , Rp          , Rp          , Gs          , Chr         , Chr         , Gg^Efm         , Gg          , Gg          , Gg          , Gg          , Ce          , Gg          , Gg^Vh       , Gg          , Gg          , Gg          , Gg          , Gg^Efm         , Gg          , Gg          , Gg          , Gg          , Gg          , Gg^Efm         , Chr         , Ww          , Gs          , Mm^Xm       , Mm^Xm       
Mm^Xm       , Mm^Xm       , Mm^Xm       , Mm^Xm       , Mm^Xm       , Mm^Xm       , Mm^Xm       , Mm^Xm       , Mm^Xm       , Gs^Fp       , Gs^Fp       , Gs          , Gs          , Gs          , Gs          , Rp          , Rp          , Rp          , Rp          , Rp          , Rp          , Gg          , Gg          , Gg          , Gg          , Gg^Fet      , Gg          , Gg          , Gg          , Gg          , Gg^Efm         , Gg          , Gg          , Gg          , Gg          , Gg          , Gg          , Gg          , Ce          , Gg          , Gg          , Chr         , Ww          , Gs          , Mm^Xm       , Mm^Xm       
Mm^Xm       , Mm^Xm       , Mm^Xm       , Mm^Xm       , Mm^Xm       , Mm^Xm       , Mm^Xm       , Mm^Xm       , Mm^Xm       , Mm^Xm       , Mm^Xm       , Gs^Fp       , Gs          , Gs          , Gs          , Gs          , Gs          , Rp          , Rp          , Rp          , Gg          , Gg          , Ce          , Ce          , Gg          , Gg          , Gg          , Gg          , Gg          , Gg          , Gg          , Gg          , Gg          , Gg^Vh       , Gg          , Gg          , Gg          , Gg          , Gg          , Ce          , Gg          , Chr         , Ww          , Gs          , Mm^Xm       , Mm^Xm       
Mm^Xm       , Mm^Xm       , Mm^Xm       , Mm^Xm       , Mm^Xm       , Mm^Xm       , Mm^Xm       , Mm^Xm       , Mm^Xm       , Mm^Xm       , Mm^Xm       , Gs^Fp       , Gs^Fp       , Gs          , Gs          , Gs          , Chr         , Chr         , Gg          , Gg          , Ce          , Ce          , Gg          , Gg          , Gg          , Gg          , Ce          , Ce          , Gg          , Ce          , Ce          , Gg          , Gg          , Gg          , Gg          , Gg          , Gg          , Gg^Fet      , Gg          , Ce          , Gg          , Chr         , Ww          , Gs          , Mm^Xm       , Mm^Xm       
Mm^Xm       , Mm^Xm       , Mm^Xm       , Mm^Xm       , Mm^Xm       , Mm^Xm       , Mm^Xm       , Mm^Xm       , Mm^Xm       , Mm^Xm       , Mm^Xm       , Mm^Xm       , Mm^Xm       , Gs          , Gs          , Ww          , Chr         , Gg^Efm         , Gg          , Ce          , Gg^Vh       , Gg          , Gg          , Gg          , Gg          , Ce          , Gg          , Gg          , Gg          , Gg          , Gg          , Ce          , Gg          , Gg          , Gg          , Gg          , Gg          , Gg          , Ce          , Ce          , Gg          , Chr         , Ww          , Gs          , Mm^Xm       , Mm^Xm       
Mm^Xm       , Mm^Xm       , Mm^Xm       , Mm^Xm       , Mm^Xm       , Mm^Xm       , Mm^Xm       , Mm^Xm       , Mm^Xm       , Mm^Xm       , Mm^Xm       , Mm^Xm       , Mm^Xm       , Gs          , Gs          , Ww          , Chr         , Gg^Efm         , Gg          , Ce          , Gg          , Gg          , Gg          , Gg          , Ce          , Gg          , Gg          , Gg^Vh       , Gg          , Gg          , Gg^Fet      , Gg          , Gg          , Gg          , Gg          , Gg^Vh       , Gg          , Gg          , Gg          , Gg^Efm         , Chr         , Chr         , Ww          , Gs          , Mm^Xm       , Mm^Xm       
Mm^Xm       , Mm^Xm       , Mm^Xm       , Mm^Xm       , Mm^Xm       , Mm^Xm       , Mm^Xm       , Mm^Xm       , Mm^Xm       , Mm^Xm       , Mm^Xm       , Mm^Xm       , Mm^Xm       , Gs          , Ww          , Ww          , Chr         , Gg          , Gg          , Gg          , Gg          , Gg          , Gg          , Gg          , Gg          , Ce          , Ce          , Gg          , Gg          , Gg          , Gg          , Gg          , Gg          , Gg          , Gg          , Gg          , Gg          , Gg          , Ce          , Gg^Efm         , Chr         , Ww          , Gs          , Gs          , Mm^Xm       , Mm^Xm       
Mm^Xm       , Mm^Xm       , Mm^Xm       , Mm^Xm       , Mm^Xm       , Mm^Xm       , Mm^Xm       , Mm^Xm       , Mm^Xm       , Mm^Xm       , Mm^Xm       , Mm^Xm       , Gs          , Gs          , Ww          , Chr         , Gg^Efm         , Gg          , Gg          , Gg          , Gg^Fet      , Gg          , Gg          , Gg          , Gg          , Gg          , Gg          , Gg          , Gg          , Gg^Efm         , Gg          , Gg          , Gg          , Gg          , Gg          , Gg          , Gg          , Ce          , Gg          , Gg^Efm         , Chr         , Ww          , Gs          , Gs          , Mm^Xm       , Mm^Xm       
Mm^Xm       , Mm^Xm       , Mm^Xm       , Mm^Xm       , Mm^Xm       , Mm^Xm       , Mm^Xm       , Mm^Xm       , Mm^Xm       , Mm^Xm       , Mm^Xm       , Mm^Xm       , Gs          , Gs          , Ww          , Chr         , Gg^Efm         , Gg          , Ce          , Gg          , Gg          , Gg          , Gg          , Gg          , Gg^Vh       , Gg          , Gg          , Gg^Fet      , Gg          , Gg          , Gg^Efm         , Gg          , Ch          , Ch          , Ch          , Gg          , Gg          , Ce          , Gg          , Chr         , Ww          , Ww          , Gs          , Mm^Xm       , Mm^Xm       , Mm^Xm       
Mm^Xm       , Mm^Xm       , Mm^Xm       , Mm^Xm       , Mm^Xm       , Mm^Xm       , Mm^Xm       , Mm^Xm       , Mm^Xm       , Mm^Xm       , Mm^Xm       , Mm^Xm       , Gs          , Gs          , Ww          , Chr         , Gg          , Gg          , Ce          , Gg          , Gg          , Gg^Efm         , Gg          , Gg          , Gg          , Gg^Efm         , Gg          , Gg          , Gg          , Gg          , Gg          , Gg          , Ch          , 2 Kh        , Ch          , Gg          , Gg          , Gg          , Chr         , Chr         , Ww          , Gs          , Gs          , Mm^Xm       , Mm^Xm       , Mm^Xm       
Mm^Xm       , Mm^Xm       , Mm^Xm       , Mm^Xm       , Mm^Xm       , Mm^Xm       , Mm^Xm       , Mm^Xm       , Mm^Xm       , Mm^Xm       , Mm^Xm       , Mm^Xm       , Gs          , Gs          , Ww          , Chr         , Chr         , Gg          , Ce          , Gg          , Gg^Vh       , Gg          , Gg          , Gg          , Gg          , Gg          , Gg          , Gg^Vh       , Gg          , Gg          , Gg          , Gg          , Gg          , Ch          , Gg          , Gg          , Rp          , Chr         , Gs          , Ww          , Gs          , Gs          , Gs          , Mm^Xm       , Mm^Xm       , Mm^Xm       
Mm^Xm       , Mm^Xm       , Mm^Xm       , Mm^Xm       , Mm^Xm       , Mm^Xm       , Mm^Xm       , Mm^Xm       , Mm^Xm       , Mm^Xm       , Mm^Xm       , Mm^Xm       , Gs          , Gs          , Gs          , Ww          , Chr         , Gg^Efm         , Gg^Efm         , Gg^Efm         , Gg^Efm         , Gg          , Ce          , Gg          , Gg          , Gg^Fet      , Gg          , Gg          , Ce          , Ce          , Ce          , Gg          , Gg          , Gg          , Rp          , Rp          , Rp          , Gs          , Gs          , Gs          , Gs          , Gs          , Gs          , Hh^Fp       , Hh^Fp       , Mm^Xm       
Mm^Xm       , Mm^Xm       , Mm^Xm       , Mm^Xm       , Mm^Xm       , Mm^Xm       , Mm^Xm       , Mm^Xm       , Mm^Xm       , Mm^Xm       , Mm^Xm       , Mm^Xm       , Mm^Xm       , Gs          , Gs          , Ww          , Ww          , Chr         , Chr         , Chr         , Chr         , Gg^Efm         , Gg^Efm         , Ce          , Ce          , Gg          , Gg          , Ce          , Gg          , Gg          , Gg          , Gg          , Chr         , Chr         , Rp          , Rp          , Rp          , Gs          , Gs          , Gs          , Gs          , Gs          , Gs^Fp       , Gs^Fp       , Hh^Fp       , Hh^Fp       
Mm^Xm       , Mm^Xm       , Mm^Xm       , Mm^Xm       , Mm^Xm       , Mm^Xm       , Mm^Xm       , Mm^Xm       , Mm^Xm       , Mm^Xm       , Mm^Xm       , Mm^Xm       , Mm^Xm       , Gs          , Gs          , Gs          , Gs          , Ww          , Ww          , Ww          , Ww          , Chr         , Chr         , Gg          , Gg          , Gg          , Gg          , Gg          , Chr         , Gg          , Chr         , Chr         , Gs          , Gs          , Rp          , Rp          , Rp          , Rp          , Gs          , Gs          , Gs^Fp       , Gs^Fp       , Gs^Fmw      , Gs^Fp       , Gs^Fp       , Hh^Fp       
Mm^Xm       , Mm^Xm       , Mm^Xm       , Mm^Xm       , Mm^Xm       , Mm^Xm       , Mm^Xm       , Mm^Xm       , Mm^Xm       , Mm^Xm       , Mm^Xm       , Mm^Xm       , Mm^Xm       , Mm^Xm       , Mm^Xm       , Gs          , Gs          , Gs          , Gs          , Gs          , Gs          , Ww          , Ww          , Chr         , Chr         , Chr         , Chr         , Chr         , Ww          , Chr         , Ww          , Ww          , Gs          , Gs          , Gs          , Rp          , Rp          , Rp          , Rp          , Gs^Fp       , Gs^Fp       , Gs^Fp       , Gs^Fp       , Gs^Fp       , Gs^Fmw      , Gs^Fp       
Mm^Xm       , Mm^Xm       , Mm^Xm       , Mm^Xm       , Mm^Xm       , Mm^Xm       , Mm^Xm       , Mm^Xm       , Mm^Xm       , Mm^Xm       , Mm^Xm       , Mm^Xm       , Mm^Xm       , Mm^Xm       , Mm^Xm       , Mm^Xm       , Mm^Xm       , Gs          , Gs          , Gs          , Gs          , Gs          , Gs          , Ww          , Ww          , Ww          , Ww          , Ww          , Gs          , Ww          , Gs          , Gs          , Gs          , Gs          , Gs^Fp       , Rp          , Rp          , Rp          , Rp          , Rp          , Gs^Fp       , Gs^Fp       , Gs^Fp       , Gs^Fp       , Gs^Fp       , Gs^Fp       
Mm^Xm       , Mm^Xm       , Mm^Xm       , Mm^Xm       , Mm^Xm       , Mm^Xm       , Mm^Xm       , Mm^Xm       , Mm^Xm       , Mm^Xm       , Mm^Xm       , Mm^Xm       , Mm^Xm       , Mm^Xm       , Mm^Xm       , Mm^Xm       , Mm^Xm       , Mm^Xm       , Mm^Xm       , Gs          , Gs          , Gs          , Gs          , Gs          , Gs          , Gs          , Gs          , Gs          , Gs          , Gs          , Gs          , Gs          , Gs^Fp       , Gs^Fp       , Gs^Fp       , Gs^Fp       , Gs^Fp       , Rp          , Rp          , Rp          , Rp          , Gs^Fp       , Gs^Fp       , Gs^Fp       , Gs^Fmw      , Gs^Fp       
Mm^Xm       , Mm^Xm       , Mm^Xm       , Mm^Xm       , Mm^Xm       , Mm^Xm       , Mm^Xm       , Mm^Xm       , Mm^Xm       , Mm^Xm       , Mm^Xm       , Mm^Xm       , Mm^Xm       , Mm^Xm       , Mm^Xm       , Mm^Xm       , Mm^Xm       , Mm^Xm       , Mm^Xm       , Mm^Xm       , Mm^Xm       , Gs          , Gs          , Gs          , Gs          , Gs          , Gs          , Gs          , Gs          , Gs          , Gs          , Gs          , Gs^Fp       , Gs^Fp       , Gs^Fp       , Gs^Fp       , Gs^Fp       , Rp          , Rp          , Rp          , Rp          , Rp          , Rp          , Gs^Fp       , Gs^Fp       , Gs^Fp       
Mm^Xm       , Mm^Xm       , Mm^Xm       , Mm^Xm       , Mm^Xm       , Mm^Xm       , Mm^Xm       , Mm^Xm       , Mm^Xm       , Mm^Xm       , Mm^Xm       , Mm^Xm       , Mm^Xm       , Mm^Xm       , Mm^Xm       , Mm^Xm       , Mm^Xm       , Mm^Xm       , Mm^Xm       , Mm^Xm       , Mm^Xm       , Mm^Xm       , Mm^Xm       , Mm^Xm       , Mm^Xm       , Gs          , Gs          , Gs          , Gs          , Gs          , Gs^Fp       , Gs^Fp       , Gs^Fp       , Gs^Fmw      , Gs^Fp       , Gs^Fp       , Gs^Fp       , Gs^Fp       , Gs^Fp       , Rp          , Rp          , Rp          , Rp          , Gs^Fp       , Gs^Fp       , Gs^Fp       
Mm^Xm       , Mm^Xm       , Mm^Xm       , Mm^Xm       , Mm^Xm       , Mm^Xm       , Mm^Xm       , Mm^Xm       , Mm^Xm       , Mm^Xm       , Mm^Xm       , Mm^Xm       , Mm^Xm       , Mm^Xm       , Mm^Xm       , Mm^Xm       , Mm^Xm       , Mm^Xm       , Mm^Xm       , Mm^Xm       , Mm^Xm       , Mm^Xm       , Mm^Xm       , Mm^Xm       , Mm^Xm       , Mm^Xm       , Hh^Fp       , Gs          , Gs^Fp       , Gs^Fp       , Gs^Fp       , Gs^Fp       , Gs^Fp       , Gs^Fp       , Gs^Fp       , Gs^Fp       , Gs^Fp       , Gs^Fp       , Gs^Fp       , Gs^Fp       , Rp          , Rp          , Rp          , Rp          , Rp          , Gs^Fp       
Mm^Xm       , Mm^Xm       , Mm^Xm       , Mm^Xm       , Mm^Xm       , Mm^Xm       , Mm^Xm       , Mm^Xm       , Mm^Xm       , Mm^Xm       , Mm^Xm       , Mm^Xm       , Mm^Xm       , Mm^Xm       , Mm^Xm       , Mm^Xm       , Mm^Xm       , Mm^Xm       , Mm^Xm       , Mm^Xm       , Mm^Xm       , Mm^Xm       , Mm^Xm       , Mm^Xm       , Mm^Xm       , Mm^Xm       , Hh^Fp       , Gs^Fp       , Gs^Fmw      , Gs^Fp       , Gs^Fp       , Gs^Fmw      , Gs^Fp       , Gs^Fp       , Gs^Fp       , Gs^Fmw      , Gs^Fp       , Gs^Fp       , Gs^Fp       , Gs^Fp       , Gs^Fp       , Rp          , Rp          , Rp          , Rp          , Rp          
Mm^Xm       , Mm^Xm       , Mm^Xm       , Mm^Xm       , Mm^Xm       , Mm^Xm       , Mm^Xm       , Mm^Xm       , Mm^Xm       , Mm^Xm       , Mm^Xm       , Mm^Xm       , Mm^Xm       , Mm^Xm       , Mm^Xm       , Mm^Xm       , Mm^Xm       , Mm^Xm       , Mm^Xm       , Mm^Xm       , Mm^Xm       , Mm^Xm       , Mm^Xm       , Mm^Xm       , Mm^Xm       , Mm^Xm       , Hh^Fp       , Hh^Fp       , Gs^Fp       , Gs^Fp       , Gs^Fp       , Gs^Fp       , Gs^Fp       , Gs^Fp       , Gs^Fp       , Gs^Fp       , Gs^Fp       , Gs^Fp       , Gs^Fp       , Gs^Fp       , Gs^Fp       , Gs^Fp       , Gs^Fp       , Rp          , Rp          , Rp          
